exports[`Button should render 1`] = `
<div
  className="Button"
  onClick={[Function]}
  style={Object {}}>
  +
</div>
`;
